2026-06-02 20:30:16 info: Congratulations, your extension "Embold" is now active!
2026-06-02 20:30:16 info: ************* init ****************
2026-06-02 20:30:16 info: tempDirectory : c:\Users\Acer\.vscode\extensions\embold-vscode.embold-0.3.8\temp
2026-06-02 20:30:25 info: Extraction complete for source: c:\Users\Acer\.vscode\extensions\embold-vscode.embold-0.3.8\resources\embold-scanner-archive.zip, destination: c:\Users\Acer\.vscode\extensions\embold-vscode.embold-0.3.8\temp
2026-06-02 20:30:25 info: Extension installed on machine OS : win32
2026-06-02 20:30:25 info: Loading issues from local database on startup (checkbox unchecked)
2026-06-02 20:30:25 info: Using emboldDBDir: d:\Documents\Lesya\Rolling Scopes\summer_bootcamp_2026\cssMemeSlider\.embold
2026-06-02 20:30:25 info: NO_PROXY set from VS Code http.noProxy: 
2026-06-02 20:30:25 info: NODE_TLS_REJECT_UNAUTHORIZED not set (SSL verification enabled)
2026-06-02 20:30:25 info: Using system certificates for SSL verification
2026-06-02 20:30:26 info: [STARTUP] Processing 0 total issues from database
2026-06-02 20:30:26 info: [STARTUP] Issues sorted by file path
2026-06-02 20:30:26 info: [STARTUP] Complete - Processed: 0, Skipped: 0
2026-06-02 20:30:26 info: Fetched the issues from DB
2026-06-02 20:30:26 info: Java version installed on machine : 
java version "25.0.2" 2026-01-20 LTS
Java(TM) SE Runtime Environment (build 25.0.2+10-LTS-69)
Java HotSpot(TM) 64-Bit Server VM (build 25.0.2+10-LTS-69, mixed mode, sharing)

2026-06-02 20:30:26 info: Java installed on machine.
2026-06-02 20:30:30 info: Row(s) deleted
2026-06-02 20:30:32 info: Embold extension version response:{"hasSupport":false,"version":"0.2.1","changeNotes":"<div> <p>Release Date: 30 Apr, 2025 <br><span>Bug fixes and improvements.</span></p> </div>"}
2026-06-02 20:30:32 info: Current installed embold extension version : 0.3.8
2026-06-02 20:30:32 info: Latest embold extension version on marketplace : 0.2.1
2026-06-02 20:30:32 info: Current extension version: 0.3.8
2026-06-02 20:30:32 info: Stored extension version: 0.3.8
2026-06-02 20:30:32 info: No new installation or upgrade detected. Skipping plugin activation tracking.
2026-06-02 20:33:34 info: Row(s) deleted
2026-06-02 20:33:37 info: Row(s) deleted
2026-06-02 20:34:39 info: Row(s) deleted
2026-06-02 20:40:29 info: Row(s) deleted
2026-06-02 20:40:36 info: Row(s) deleted
2026-06-02 20:41:20 info: Row(s) deleted
2026-06-02 20:44:32 info: Row(s) deleted
2026-06-02 20:47:38 info: Row(s) deleted
2026-06-02 20:50:43 info: Row(s) deleted
2026-06-02 21:29:49 info: Row(s) deleted
2026-06-03 13:18:13 info: Row(s) deleted
2026-06-03 13:19:51 info: Row(s) deleted
2026-06-03 13:21:10 info: Row(s) deleted
2026-06-03 13:21:28 info: Row(s) deleted
2026-06-03 22:28:53 info: Congratulations, your extension "Embold" is now active!
2026-06-03 22:28:53 info: ************* init ****************
2026-06-03 22:28:53 info: tempDirectory : c:\Users\Acer\.vscode\extensions\embold-vscode.embold-0.3.8\temp
2026-06-03 22:29:11 info: Extraction complete for source: c:\Users\Acer\.vscode\extensions\embold-vscode.embold-0.3.8\resources\embold-scanner-archive.zip, destination: c:\Users\Acer\.vscode\extensions\embold-vscode.embold-0.3.8\temp
2026-06-03 22:29:11 info: Extension installed on machine OS : win32
2026-06-03 22:29:11 info: Loading issues from local database on startup (checkbox unchecked)
2026-06-03 22:29:11 info: Using emboldDBDir: d:\Documents\Lesya\Rolling Scopes\summer_bootcamp_2026\cssMemeSlider\.embold
2026-06-03 22:29:11 info: NO_PROXY set from VS Code http.noProxy: 
2026-06-03 22:29:11 info: NODE_TLS_REJECT_UNAUTHORIZED not set (SSL verification enabled)
2026-06-03 22:29:11 info: Using system certificates for SSL verification
2026-06-03 22:29:11 info: [STARTUP] Processing 0 total issues from database
2026-06-03 22:29:11 info: [STARTUP] Issues sorted by file path
2026-06-03 22:29:11 info: [STARTUP] Complete - Processed: 0, Skipped: 0
2026-06-03 22:29:11 info: Fetched the issues from DB
2026-06-03 22:29:16 info: Java version installed on machine : 
java version "25.0.2" 2026-01-20 LTS
Java(TM) SE Runtime Environment (build 25.0.2+10-LTS-69)
Java HotSpot(TM) 64-Bit Server VM (build 25.0.2+10-LTS-69, mixed mode, sharing)

2026-06-03 22:29:16 info: Java installed on machine.
2026-06-03 22:29:16 info: Embold extension version response:{"hasSupport":false,"version":"0.2.1","changeNotes":"<div> <p>Release Date: 30 Apr, 2025 <br><span>Bug fixes and improvements.</span></p> </div>"}
2026-06-03 22:29:16 info: Current installed embold extension version : 0.3.8
2026-06-03 22:29:16 info: Latest embold extension version on marketplace : 0.2.1
2026-06-03 22:29:16 info: Current extension version: 0.3.8
2026-06-03 22:29:16 info: Stored extension version: 0.3.8
2026-06-03 22:29:16 info: No new installation or upgrade detected. Skipping plugin activation tracking.
2026-06-03 22:44:11 info: Row(s) deleted
2026-06-03 22:44:44 info: Row(s) deleted
